---
source: crates/gardswag-syntax/src/tests.rs
expression: "parse(r#\"\n                let id = \\x x;\n                let torben = id 1;\n                .{\n                   id;\n                   id2 = id;\n                   torben;\n                }\n            \"#).unwrap()"
---
stmts: []
term:
  offset: 17
  inner:
    Let:
      lhs:
        offset: 21
        inner: id
        extra: ~
      rhs:
        offset: 26
        inner:
          Lambda:
            arg:
              offset: 27
              inner: x
              extra: ~
            body:
              offset: 29
              inner:
                Identifier: x
              extra: ~
        extra: ~
      rest:
        stmts: []
        term:
          offset: 48
          inner:
            Let:
              lhs:
                offset: 52
                inner: torben
                extra: ~
              rhs:
                offset: 61
                inner:
                  Call:
                    prim:
                      offset: 61
                      inner:
                        Identifier: id
                      extra: ~
                    arg:
                      offset: 64
                      inner:
                        Integer: 1
                      extra: ~
                extra: ~
              rest:
                stmts: []
                term:
                  offset: 83
                  inner:
                    Record:
                      id:
                        offset: 105
                        inner:
                          Identifier: id
                        extra: ~
                      id2:
                        offset: 134
                        inner:
                          Identifier: id
                        extra: ~
                      torben:
                        offset: 157
                        inner:
                          Identifier: torben
                        extra: ~
                  extra: ~
          extra: ~
  extra: ~

