---
source: crates/gardswag-syntax/src/lib.rs
expression: "parse(r#\"\n                let id = \\x x;\n                .{\n                   id = id;\n                   id2 = id;\n                   torben = id 1;\n                }\n            \"#).unwrap()"
---
stmts: []
term:
  offset: 17
  inner:
    Let:
      lhs:
        offset: 21
        inner: id
      rhs:
        offset: 26
        inner:
          Lambda:
            arg: x
            body:
              offset: 29
              inner:
                Identifier: x
      rest:
        stmts: []
        term:
          offset: 48
          inner:
            Record:
              id:
                offset: 75
                inner:
                  Identifier: id
              id2:
                offset: 104
                inner:
                  Identifier: id
              torben:
                offset: 136
                inner:
                  Call:
                    prim:
                      offset: 136
                      inner:
                        Identifier: id
                    arg:
                      offset: 139
                      inner:
                        Integer: 1

