---
source: crates/gardswag-syntax/src/tests.rs
expression: "parse(r#\"\n                let id = \\x x;\n                let torben = id 1;\n                .{\n                   id;\n                   id2 = id;\n                   torben;\n                }\n            \"#).unwrap()"
---
- - id
  - x
  - torben
  - id2
- stmts: []
  term:
    offset: 17
    inner:
      Let:
        lhs:
          offset: 21
          inner: 1
          extra: ~
        rhs:
          offset: 26
          inner:
            Lambda:
              arg:
                offset: 27
                inner: 2
                extra: ~
              body:
                offset: 29
                inner:
                  Identifier: 2
                extra: ~
          extra: ~
        rest:
          stmts: []
          term:
            offset: 48
            inner:
              Let:
                lhs:
                  offset: 52
                  inner: 3
                  extra: ~
                rhs:
                  offset: 61
                  inner:
                    Call:
                      prim:
                        offset: 61
                        inner:
                          Identifier: 1
                        extra: ~
                      arg:
                        offset: 64
                        inner:
                          Integer: 1
                        extra: ~
                  extra: ~
                rest:
                  stmts: []
                  term:
                    offset: 83
                    inner:
                      Record:
                        1:
                          offset: 105
                          inner:
                            Identifier: 1
                          extra: ~
                        3:
                          offset: 157
                          inner:
                            Identifier: 3
                          extra: ~
                        4:
                          offset: 134
                          inner:
                            Identifier: 1
                          extra: ~
                    extra: ~
            extra: ~
    extra: ~

