---
source: crates/gardswag-syntax/src/lib.rs
assertion_line: 648
expression: "parse(r#\"\n                let a = 1;\n                let b = 1;\n                let rec fib = \\x \\y \\n {\n                  (* seq: [..., x, y] ++ [z] *)\n                  let z = std.plus x y;\n                  if (std.leq n 0)\n                    { z }\n                    { fib y z (std.minus n 1) }\n                };\n                std.stdio.write \"{fib 1 1 6}\\m\";\n            \"#).unwrap()"
---
stmts: []
term:
  offset: 17
  inner:
    Let:
      lhs:
        offset: 21
        inner: a
      rhs:
        offset: 25
        inner:
          Integer: 1
      rest:
        stmts: []
        term:
          offset: 44
          inner:
            Let:
              lhs:
                offset: 48
                inner: b
              rhs:
                offset: 52
                inner:
                  Integer: 1
              rest:
                stmts: []
                term:
                  offset: 71
                  inner:
                    Let:
                      lhs:
                        offset: 79
                        inner: fib
                      rhs:
                        offset: 85
                        inner:
                          Call:
                            prim:
                              offset: 85
                              inner:
                                Dot:
                                  prim:
                                    offset: 85
                                    inner:
                                      Identifier:
                                        offset: 85
                                        inner: std
                                  key:
                                    offset: 85
                                    inner: fix
                            args:
                              - offset: 85
                                inner:
                                  Lambda:
                                    arg:
                                      offset: 79
                                      inner: fib
                                    body:
                                      offset: 85
                                      inner:
                                        Lambda:
                                          arg:
                                            offset: 85
                                            inner: x
                                          body:
                                            offset: 88
                                            inner:
                                              Lambda:
                                                arg:
                                                  offset: 88
                                                  inner: y
                                                body:
                                                  offset: 91
                                                  inner:
                                                    Lambda:
                                                      arg:
                                                        offset: 91
                                                        inner: n
                                                      body:
                                                        offset: 94
                                                        inner:
                                                          Block:
                                                            stmts: []
                                                            term:
                                                              offset: 162
                                                              inner:
                                                                Let:
                                                                  lhs:
                                                                    offset: 166
                                                                    inner: z
                                                                  rhs:
                                                                    offset: 173
                                                                    inner:
                                                                      Call:
                                                                        prim:
                                                                          offset: 173
                                                                          inner:
                                                                            Dot:
                                                                              prim:
                                                                                offset: 170
                                                                                inner:
                                                                                  Identifier:
                                                                                    offset: 170
                                                                                    inner: std
                                                                              key:
                                                                                offset: 174
                                                                                inner: plus
                                                                        args:
                                                                          - offset: 179
                                                                            inner:
                                                                              Identifier:
                                                                                offset: 179
                                                                                inner: x
                                                                          - offset: 181
                                                                            inner:
                                                                              Identifier:
                                                                                offset: 181
                                                                                inner: y
                                                                  rest:
                                                                    stmts: []
                                                                    term:
                                                                      offset: 202
                                                                      inner:
                                                                        If:
                                                                          cond:
                                                                            offset: 209
                                                                            inner:
                                                                              Call:
                                                                                prim:
                                                                                  offset: 209
                                                                                  inner:
                                                                                    Dot:
                                                                                      prim:
                                                                                        offset: 206
                                                                                        inner:
                                                                                          Identifier:
                                                                                            offset: 206
                                                                                            inner: std
                                                                                      key:
                                                                                        offset: 210
                                                                                        inner: leq
                                                                                args:
                                                                                  - offset: 214
                                                                                    inner:
                                                                                      Identifier:
                                                                                        offset: 214
                                                                                        inner: n
                                                                                  - offset: 216
                                                                                    inner:
                                                                                      Integer: 0
                                                                          then:
                                                                            stmts: []
                                                                            term:
                                                                              offset: 241
                                                                              inner:
                                                                                Identifier:
                                                                                  offset: 241
                                                                                  inner: z
                                                                          or_else:
                                                                            stmts: []
                                                                            term:
                                                                              offset: 267
                                                                              inner:
                                                                                Call:
                                                                                  prim:
                                                                                    offset: 267
                                                                                    inner:
                                                                                      Identifier:
                                                                                        offset: 267
                                                                                        inner: fib
                                                                                  args:
                                                                                    - offset: 271
                                                                                      inner:
                                                                                        Identifier:
                                                                                          offset: 271
                                                                                          inner: y
                                                                                    - offset: 273
                                                                                      inner:
                                                                                        Identifier:
                                                                                          offset: 273
                                                                                          inner: z
                                                                                    - offset: 279
                                                                                      inner:
                                                                                        Call:
                                                                                          prim:
                                                                                            offset: 279
                                                                                            inner:
                                                                                              Dot:
                                                                                                prim:
                                                                                                  offset: 276
                                                                                                  inner:
                                                                                                    Identifier:
                                                                                                      offset: 276
                                                                                                      inner: std
                                                                                                key:
                                                                                                  offset: 280
                                                                                                  inner: minus
                                                                                          args:
                                                                                            - offset: 286
                                                                                              inner:
                                                                                                Identifier:
                                                                                                  offset: 286
                                                                                                  inner: n
                                                                                            - offset: 288
                                                                                              inner:
                                                                                                Integer: 1
                      rest:
                        stmts:
                          - offset: 337
                            inner:
                              Call:
                                prim:
                                  offset: 337
                                  inner:
                                    Dot:
                                      prim:
                                        offset: 331
                                        inner:
                                          Dot:
                                            prim:
                                              offset: 328
                                              inner:
                                                Identifier:
                                                  offset: 328
                                                  inner: std
                                            key:
                                              offset: 332
                                              inner: stdio
                                      key:
                                        offset: 338
                                        inner: write
                                args:
                                  - offset: 344
                                    inner:
                                      FormatString:
                                        - offset: 345
                                          inner:
                                            Block:
                                              stmts: []
                                              term:
                                                offset: 346
                                                inner:
                                                  Call:
                                                    prim:
                                                      offset: 346
                                                      inner:
                                                        Identifier:
                                                          offset: 346
                                                          inner: fib
                                                    args:
                                                      - offset: 350
                                                        inner:
                                                          Integer: 1
                                                      - offset: 352
                                                        inner:
                                                          Integer: 1
                                                      - offset: 354
                                                        inner:
                                                          Integer: 6
                                        - offset: 356
                                          inner:
                                            PureString: m
                        term: ~

