---
source: crates/gardswag-syntax/src/lex.rs
assertion_line: 230
expression: "Lexer::new(\"let a = 1;\").collect::<Vec<_>>()"
---
[
    Ok(
        Offsetted {
            offset: 0,
            inner: Keyword(
                Let,
            ),
        },
    ),
    Ok(
        Offsetted {
            offset: 4,
            inner: Identifier(
                "a",
            ),
        },
    ),
    Ok(
        Offsetted {
            offset: 6,
            inner: EqSym,
        },
    ),
    Ok(
        Offsetted {
            offset: 8,
            inner: Integer(
                1,
            ),
        },
    ),
    Ok(
        Offsetted {
            offset: 9,
            inner: SemiColon,
        },
    ),
]
