---
source: crates/gardswag-syntax/src/lib.rs
assertion_line: 464
expression: "parse(r#\"\n                let a = 1;\n                let b = 1;\n                loop {\n                    if (std.leq b a) {\n                        break;\n                    } {};\n                    a = std.plus a b;\n                    std.stdio.write(a);\n                    b = std.plus a b;\n                    std.stdio.write(b);\n                }\n            \"#).unwrap()"
---
stmts: []
term:
  offset: 17
  inner:
    Let:
      lhs:
        offset: 21
        inner: a
      rhs:
        offset: 25
        inner:
          Integer: 1
      rest:
        stmts: []
        term:
          offset: 44
          inner:
            Let:
              lhs:
                offset: 48
                inner: b
              rhs:
                offset: 52
                inner:
                  Integer: 1
              rest:
                stmts: []
                term:
                  offset: 71
                  inner:
                    Loop:
                      stmts:
                        - offset: 98
                          inner:
                            If:
                              cond:
                                offset: 105
                                inner:
                                  Call:
                                    prim:
                                      offset: 105
                                      inner:
                                        Dot:
                                          prim:
                                            offset: 102
                                            inner:
                                              Identifier:
                                                offset: 102
                                                inner: std
                                          key:
                                            offset: 106
                                            inner: leq
                                    args:
                                      - offset: 110
                                        inner:
                                          Identifier:
                                            offset: 110
                                            inner: b
                                      - offset: 112
                                        inner:
                                          Identifier:
                                            offset: 112
                                            inner: a
                              then:
                                stmts:
                                  - offset: 141
                                    inner:
                                      Break: ~
                                term: ~
                              or_else:
                                stmts: []
                                term: ~
                        - offset: 194
                          inner:
                            Assign:
                              lhs:
                                offset: 194
                                inner: a
                              rhs:
                                offset: 201
                                inner:
                                  Call:
                                    prim:
                                      offset: 201
                                      inner:
                                        Dot:
                                          prim:
                                            offset: 198
                                            inner:
                                              Identifier:
                                                offset: 198
                                                inner: std
                                          key:
                                            offset: 202
                                            inner: plus
                                    args:
                                      - offset: 207
                                        inner:
                                          Identifier:
                                            offset: 207
                                            inner: a
                                      - offset: 209
                                        inner:
                                          Identifier:
                                            offset: 209
                                            inner: b
                        - offset: 241
                          inner:
                            Call:
                              prim:
                                offset: 241
                                inner:
                                  Dot:
                                    prim:
                                      offset: 235
                                      inner:
                                        Dot:
                                          prim:
                                            offset: 232
                                            inner:
                                              Identifier:
                                                offset: 232
                                                inner: std
                                          key:
                                            offset: 236
                                            inner: stdio
                                    key:
                                      offset: 242
                                      inner: write
                              args:
                                - offset: 248
                                  inner:
                                    Identifier:
                                      offset: 248
                                      inner: a
                        - offset: 272
                          inner:
                            Assign:
                              lhs:
                                offset: 272
                                inner: b
                              rhs:
                                offset: 279
                                inner:
                                  Call:
                                    prim:
                                      offset: 279
                                      inner:
                                        Dot:
                                          prim:
                                            offset: 276
                                            inner:
                                              Identifier:
                                                offset: 276
                                                inner: std
                                          key:
                                            offset: 280
                                            inner: plus
                                    args:
                                      - offset: 285
                                        inner:
                                          Identifier:
                                            offset: 285
                                            inner: a
                                      - offset: 287
                                        inner:
                                          Identifier:
                                            offset: 287
                                            inner: b
                        - offset: 319
                          inner:
                            Call:
                              prim:
                                offset: 319
                                inner:
                                  Dot:
                                    prim:
                                      offset: 313
                                      inner:
                                        Dot:
                                          prim:
                                            offset: 310
                                            inner:
                                              Identifier:
                                                offset: 310
                                                inner: std
                                          key:
                                            offset: 314
                                            inner: stdio
                                    key:
                                      offset: 320
                                      inner: write
                              args:
                                - offset: 326
                                  inner:
                                    Identifier:
                                      offset: 326
                                      inner: b
                      term: ~

