---
source: crates/gardswag-syntax/src/lib.rs
assertion_line: 549
expression: "parse(r#\"\n                \"{\n                  let a = 1;\n                  std.stdio.write(\"{a}\\n\");\n                  a\n                }\"\n            \"#).unwrap()"
---
stmts: []
term:
  offset: 17
  inner:
    FormatString:
      - offset: 18
        inner:
          Block:
            stmts: []
            term:
              offset: 38
              inner:
                Let:
                  lhs:
                    offset: 42
                    inner: a
                  rhs:
                    offset: 46
                    inner:
                      Integer: 1
                  rest:
                    stmts:
                      - offset: 76
                        inner:
                          Call:
                            prim:
                              offset: 76
                              inner:
                                Dot:
                                  prim:
                                    offset: 70
                                    inner:
                                      Dot:
                                        prim:
                                          offset: 67
                                          inner:
                                            Identifier:
                                              offset: 67
                                              inner: std
                                        key:
                                          offset: 71
                                          inner: stdio
                                  key:
                                    offset: 77
                                    inner: write
                            args:
                              - offset: 83
                                inner:
                                  FormatString:
                                    - offset: 84
                                      inner:
                                        Block:
                                          stmts: []
                                          term:
                                            offset: 85
                                            inner:
                                              Identifier:
                                                offset: 85
                                                inner: a
                                    - offset: 87
                                      inner:
                                        PureString: "\n"
                    term:
                      offset: 111
                      inner:
                        Identifier:
                          offset: 111
                          inner: a

