---
source: crates/gardswag/src/main.rs
assertion_line: 218
expression: main_interp(&x.0)
---
Lambda:
  argname: n
  f:
    offset: 40
    inner:
      Block:
        stmts: []
        term:
          offset: 108
          inner:
            Let:
              lhs:
                offset: 112
                inner: z
              rhs:
                offset: 119
                inner:
                  Call:
                    prim:
                      offset: 119
                      inner:
                        Call:
                          prim:
                            offset: 119
                            inner:
                              Dot:
                                prim:
                                  offset: 116
                                  inner:
                                    Identifier:
                                      offset: 116
                                      inner: std
                                key:
                                  offset: 120
                                  inner: plus
                          arg:
                            offset: 125
                            inner:
                              Identifier:
                                offset: 125
                                inner: x
                    arg:
                      offset: 127
                      inner:
                        Identifier:
                          offset: 127
                          inner: y
              rest:
                stmts: []
                term:
                  offset: 148
                  inner:
                    If:
                      cond:
                        offset: 155
                        inner:
                          Call:
                            prim:
                              offset: 155
                              inner:
                                Call:
                                  prim:
                                    offset: 155
                                    inner:
                                      Dot:
                                        prim:
                                          offset: 152
                                          inner:
                                            Identifier:
                                              offset: 152
                                              inner: std
                                        key:
                                          offset: 156
                                          inner: leq
                                  arg:
                                    offset: 160
                                    inner:
                                      Identifier:
                                        offset: 160
                                        inner: n
                            arg:
                              offset: 162
                              inner:
                                Integer: 0
                      then:
                        stmts: []
                        term:
                          offset: 187
                          inner:
                            Identifier:
                              offset: 187
                              inner: z
                      or_else:
                        stmts: []
                        term:
                          offset: 213
                          inner:
                            Call:
                              prim:
                                offset: 213
                                inner:
                                  Call:
                                    prim:
                                      offset: 213
                                      inner:
                                        Call:
                                          prim:
                                            offset: 213
                                            inner:
                                              Identifier:
                                                offset: 213
                                                inner: fib
                                          arg:
                                            offset: 217
                                            inner:
                                              Identifier:
                                                offset: 217
                                                inner: y
                                    arg:
                                      offset: 219
                                      inner:
                                        Identifier:
                                          offset: 219
                                          inner: z
                              arg:
                                offset: 225
                                inner:
                                  Call:
                                    prim:
                                      offset: 225
                                      inner:
                                        Call:
                                          prim:
                                            offset: 225
                                            inner:
                                              Dot:
                                                prim:
                                                  offset: 222
                                                  inner:
                                                    Identifier:
                                                      offset: 222
                                                      inner: std
                                                key:
                                                  offset: 226
                                                  inner: minus
                                          arg:
                                            offset: 232
                                            inner:
                                              Identifier:
                                                offset: 232
                                                inner: n
                                    arg:
                                      offset: 234
                                      inner:
                                        Integer: 1
  stacksave:
    fib:
      Integer: 1
    std:
      Record:
        eq:
          Builtin:
            f: Eq
            args: []
        leq:
          Builtin:
            f: Leq
            args: []
        minus:
          Builtin:
            f: Minus
            args: []
        mult:
          Builtin:
            f: Mult
            args: []
        not:
          Builtin:
            f: Not
            args: []
        plus:
          Builtin:
            f: Plus
            args: []
        stdio:
          Record:
            write:
              Builtin:
                f: StdioWrite
                args: []
    x:
      Integer: 2
    y:
      Integer: 4

