---
source: crates/gardswag/src/tests.rs
expression: x
---
- - this_is_a_variant
  - x
  - std
  - plus
  - minus
  - mult
  - eq
  - leq
  - not
  - spawn_thread
  - make_chan
  - send
  - recv
  - chan_send
  - chan_recv
  - None
  - Some
  - stdio
  - write
- stmts: []
  term:
    offset: 0
    inner:
      Match:
        inp:
          offset: 6
          inner:
            Call:
              prim:
                offset: 6
                inner:
                  Tagger: 1
                extra:
                  ty:
                    Arrow1:
                      - Literal: Int
                      - TaggedUnion:
                          1:
                            Literal: Int
                  ident_multi: 0
              arg:
                offset: 25
                inner:
                  Integer: 1
                extra:
                  ty:
                    Literal: Int
                  ident_multi: 0
          extra:
            ty:
              TaggedUnion:
                1:
                  Literal: Int
            ident_multi: 0
        cases:
          - pat:
              Tagged:
                key:
                  offset: 30
                  inner: 1
                  extra: ~
                value:
                  Identifier:
                    offset: 48
                    inner: 2
                    extra:
                      ty:
                        Literal: Int
                      ident_multi: 1
            body:
              offset: 56
              inner:
                Call:
                  prim:
                    offset: 56
                    inner:
                      Call:
                        prim:
                          offset: 56
                          inner:
                            Dot:
                              prim:
                                offset: 53
                                inner:
                                  Identifier: 3
                                extra:
                                  ty:
                                    Record:
                                      4:
                                        Arrow1:
                                          - Literal: Int
                                          - Arrow1:
                                              - Literal: Int
                                              - Literal: Int
                                      5:
                                        Arrow1:
                                          - Literal: Int
                                          - Arrow1:
                                              - Literal: Int
                                              - Literal: Int
                                      6:
                                        Arrow1:
                                          - Literal: Int
                                          - Arrow1:
                                              - Literal: Int
                                              - Literal: Int
                                      7:
                                        Arrow1:
                                          - Var: 9
                                          - Arrow1:
                                              - Var: 10
                                              - Literal: Bool
                                      8:
                                        Arrow1:
                                          - Literal: Int
                                          - Arrow1:
                                              - Literal: Int
                                              - Literal: Bool
                                      9:
                                        Arrow1:
                                          - Literal: Bool
                                          - Literal: Bool
                                      10:
                                        Arrow1:
                                          - ArrowU:
                                              - Literal: Unit
                                              - Literal: Unit
                                          - Literal: Unit
                                      11:
                                        Arrow0:
                                          - Literal: Unit
                                          - Record:
                                              12:
                                                ChanSend:
                                                  Var: 11
                                              13:
                                                ChanRecv:
                                                  Var: 11
                                      14:
                                        Arrow1:
                                          - Var: 12
                                          - Arrow1:
                                              - ChanSend:
                                                  Var: 12
                                              - Literal: Bool
                                      15:
                                        Arrow1:
                                          - ChanRecv:
                                              Var: 13
                                          - TaggedUnion:
                                              16:
                                                Literal: Unit
                                              17:
                                                Var: 13
                                      18:
                                        Record:
                                          19:
                                            Arrow1:
                                              - Literal: String
                                              - Literal: Unit
                                  ident_multi: 0
                              key:
                                offset: 57
                                inner: 4
                                extra: ~
                          extra:
                            ty:
                              Arrow1:
                                - Literal: Int
                                - Arrow1:
                                    - Literal: Int
                                    - Literal: Int
                            ident_multi: 0
                        arg:
                          offset: 62
                          inner:
                            Identifier: 2
                          extra:
                            ty:
                              Literal: Int
                            ident_multi: 0
                    extra:
                      ty:
                        Arrow1:
                          - Literal: Int
                          - Literal: Int
                      ident_multi: 0
                  arg:
                    offset: 64
                    inner:
                      Integer: 1
                    extra:
                      ty:
                        Literal: Int
                      ident_multi: 0
              extra:
                ty:
                  Literal: Int
                ident_multi: 0
    extra:
      ty:
        Literal: Int
      ident_multi: 0
- forall: []
  forall_args: []
  ty:
    Literal: Int

