---
source: crates/gardswag/src/tests.rs
expression: x
---
- - f
  - std
  - eq
  - a
  - plus
  - minus
  - mult
  - leq
  - not
  - spawn_thread
  - make_chan
  - send
  - recv
  - chan_send
  - chan_recv
  - None
  - Some
  - stdio
  - write
- stmts: []
  term:
    offset: 17
    inner:
      Let:
        lhs:
          offset: 25
          inner: 1
          extra: ~
        rhs:
          offset: 29
          inner:
            Fix:
              arg:
                offset: 25
                inner: 1
                extra: ~
              body:
                offset: 29
                inner:
                  Lambda:
                    arg:
                      offset: 30
                      inner: 4
                      extra: ~
                    body:
                      offset: 32
                      inner:
                        If:
                          cond:
                            offset: 39
                            inner:
                              Call:
                                prim:
                                  offset: 39
                                  inner:
                                    Call:
                                      prim:
                                        offset: 39
                                        inner:
                                          Dot:
                                            prim:
                                              offset: 36
                                              inner:
                                                Identifier: 2
                                              extra:
                                                ty:
                                                  Record:
                                                    3:
                                                      Arrow1:
                                                        - Literal: Int
                                                        - Arrow1:
                                                            - Literal: Int
                                                            - Literal: Bool
                                                    5:
                                                      Arrow1:
                                                        - Literal: Int
                                                        - Arrow1:
                                                            - Literal: Int
                                                            - Literal: Int
                                                    6:
                                                      Arrow1:
                                                        - Literal: Int
                                                        - Arrow1:
                                                            - Literal: Int
                                                            - Literal: Int
                                                    7:
                                                      Arrow1:
                                                        - Literal: Int
                                                        - Arrow1:
                                                            - Literal: Int
                                                            - Literal: Int
                                                    8:
                                                      Arrow1:
                                                        - Literal: Int
                                                        - Arrow1:
                                                            - Literal: Int
                                                            - Literal: Bool
                                                    9:
                                                      Arrow1:
                                                        - Literal: Bool
                                                        - Literal: Bool
                                                    10:
                                                      Arrow1:
                                                        - ArrowU:
                                                            - Literal: Unit
                                                            - Literal: Unit
                                                        - Literal: Unit
                                                    11:
                                                      Arrow0:
                                                        - Literal: Unit
                                                        - Record:
                                                            12:
                                                              ChanSend:
                                                                Var: 9
                                                            13:
                                                              ChanRecv:
                                                                Var: 9
                                                    14:
                                                      Arrow1:
                                                        - Var: 10
                                                        - Arrow1:
                                                            - ChanSend:
                                                                Var: 10
                                                            - Literal: Bool
                                                    15:
                                                      Arrow1:
                                                        - ChanRecv:
                                                            Var: 11
                                                        - TaggedUnion:
                                                            16:
                                                              Literal: Unit
                                                            17:
                                                              Var: 11
                                                    18:
                                                      Record:
                                                        19:
                                                          Arrow1:
                                                            - Literal: String
                                                            - Literal: Unit
                                                ident_multi: 0
                                            key:
                                              offset: 40
                                              inner: 3
                                              extra: ~
                                        extra:
                                          ty:
                                            Arrow1:
                                              - Literal: Int
                                              - Arrow1:
                                                  - Literal: Int
                                                  - Literal: Bool
                                          ident_multi: 0
                                      arg:
                                        offset: 43
                                        inner:
                                          Identifier: 4
                                        extra:
                                          ty:
                                            Literal: Int
                                          ident_multi: 0
                                  extra:
                                    ty:
                                      Arrow1:
                                        - Literal: Int
                                        - Literal: Bool
                                    ident_multi: 0
                                arg:
                                  offset: 45
                                  inner:
                                    Integer: 0
                                  extra:
                                    ty:
                                      Literal: Int
                                    ident_multi: 0
                            extra:
                              ty:
                                Literal: Bool
                              ident_multi: 0
                          then:
                            stmts: []
                            term:
                              offset: 50
                              inner:
                                Integer: 0
                              extra:
                                ty:
                                  Literal: Int
                                ident_multi: 0
                          or_else:
                            stmts: []
                            term:
                              offset: 56
                              inner:
                                Call:
                                  prim:
                                    offset: 56
                                    inner:
                                      Identifier: 1
                                    extra:
                                      ty:
                                        Arrow1:
                                          - Literal: Int
                                          - Literal: Int
                                      ident_multi: 0
                                  arg:
                                    offset: 58
                                    inner:
                                      Integer: 0
                                    extra:
                                      ty:
                                        Literal: Int
                                      ident_multi: 0
                              extra:
                                ty:
                                  Literal: Int
                                ident_multi: 0
                      extra:
                        ty:
                          Literal: Int
                        ident_multi: 0
                extra:
                  ty:
                    Arrow1:
                      - Literal: Int
                      - Literal: Int
                  ident_multi: 1
          extra:
            ty:
              Arrow1:
                - Literal: Int
                - Literal: Int
            ident_multi: 1
        rest:
          stmts: []
          term:
            offset: 79
            inner:
              Call:
                prim:
                  offset: 79
                  inner:
                    Identifier: 1
                  extra:
                    ty:
                      Var: 17
                    ident_multi: 0
                arg:
                  offset: 81
                  inner:
                    Integer: 1
                  extra:
                    ty:
                      Literal: Int
                    ident_multi: 0
            extra:
              ty:
                Literal: Int
              ident_multi: 0
    extra:
      ty:
        Literal: Int
      ident_multi: 1
- forall: []
  forall_args: []
  ty:
    Literal: Int

