---
source: crates/gardswag/src/tests.rs
expression: x
---
- stmts: []
  term:
    offset: 120
    inner:
      Update:
        orig:
          offset: 17
          inner:
            Record:
              a:
                offset: 42
                inner:
                  FormatString:
                    - offset: 43
                      inner:
                        PureString: what
                      extra:
                        ty:
                          Literal: String
                        ident_multi: 0
                extra:
                  ty:
                    Literal: String
                  ident_multi: 0
              b:
                offset: 72
                inner:
                  Integer: 1
                extra:
                  ty:
                    Literal: Int
                  ident_multi: 0
              c:
                offset: 97
                inner:
                  Record: {}
                extra:
                  ty:
                    Record: {}
                  ident_multi: 0
          extra:
            ty:
              Record:
                a:
                  Literal: String
                b:
                  Literal: Int
                c:
                  Record: {}
            ident_multi: 0
        ovrd:
          offset: 123
          inner:
            Record:
              b:
                offset: 148
                inner:
                  FormatString:
                    - offset: 149
                      inner:
                        PureString: "no"
                      extra:
                        ty:
                          Literal: String
                        ident_multi: 0
                extra:
                  ty:
                    Literal: String
                  ident_multi: 0
              c:
                offset: 176
                inner:
                  Integer: 50
                extra:
                  ty:
                    Literal: Int
                  ident_multi: 0
          extra:
            ty:
              Record:
                b:
                  Literal: String
                c:
                  Literal: Int
            ident_multi: 0
    extra:
      ty:
        Record:
          a:
            Literal: String
          b:
            Literal: String
          c:
            Literal: Int
      ident_multi: 0
- forall: []
  ty:
    Record:
      a:
        Literal: String
      b:
        Literal: String
      c:
        Literal: Int

