---
source: crates/gardswag/src/tests.rs
expression: "main_check(r#\"\n                \\x\n                let id = \\y y;\n                .{\n                  id;\n                  x;\n                  y = \"{x}\";\n                }\n            \"#).unwrap()"
---
- - id
  - y
  - x
  - std
  - plus
  - minus
  - mult
  - eq
  - leq
  - not
  - spawn_thread
  - make_chan
  - send
  - recv
  - chan_send
  - chan_recv
  - None
  - Some
  - stdio
  - write
- stmts: []
  term:
    offset: 17
    inner:
      Lambda:
        arg:
          offset: 18
          inner: 3
          extra: ~
        body:
          offset: 36
          inner:
            Let:
              lhs:
                offset: 40
                inner: 1
                extra: ~
              rhs:
                offset: 45
                inner:
                  Lambda:
                    arg:
                      offset: 46
                      inner: 2
                      extra: ~
                    body:
                      offset: 48
                      inner:
                        Identifier: 2
                      extra:
                        ty:
                          Var: 6
                        ident_multi: 0
                extra:
                  ty:
                    Arrow:
                      arg_multi: Linear
                      arg:
                        Var: 6
                      ret:
                        Var: 6
                  ident_multi: 1
              rest:
                stmts: []
                term:
                  offset: 67
                  inner:
                    Record:
                      1:
                        offset: 88
                        inner:
                          Identifier: 1
                        extra:
                          ty:
                            Arrow:
                              arg_multi: Linear
                              arg:
                                Var: 7
                              ret:
                                Var: 7
                          ident_multi: 0
                      2:
                        offset: 135
                        inner:
                          FormatString:
                            - offset: 136
                              inner:
                                Block:
                                  stmts: []
                                  term:
                                    offset: 137
                                    inner:
                                      Identifier: 3
                                    extra:
                                      ty:
                                        Var: 5
                                      ident_multi: 0
                              extra:
                                ty:
                                  Var: 5
                                ident_multi: 0
                        extra:
                          ty:
                            Literal: String
                          ident_multi: 0
                      3:
                        offset: 110
                        inner:
                          Identifier: 3
                        extra:
                          ty:
                            Var: 5
                          ident_multi: 0
                  extra:
                    ty:
                      Record:
                        1:
                          Arrow:
                            arg_multi: Linear
                            arg:
                              Var: 7
                            ret:
                              Var: 7
                        2:
                          Literal: String
                        3:
                          Var: 5
                    ident_multi: 0
          extra:
            ty:
              Record:
                1:
                  Arrow:
                    arg_multi: Linear
                    arg:
                      Var: 7
                    ret:
                      Var: 7
                2:
                  Literal: String
                3:
                  Var: 5
            ident_multi: 1
    extra:
      ty:
        Arrow:
          arg_multi: Unrestricted
          arg:
            Var: 5
          ret:
            Record:
              1:
                Arrow:
                  arg_multi: Linear
                  arg:
                    Var: 7
                  ret:
                    Var: 7
              2:
                Literal: String
              3:
                Var: 5
      ident_multi: 2
- forall:
    - ty: ~
      oneof:
        - Literal: Unit
        - Literal: Bool
        - Literal: Int
        - Literal: String
      listeners: []
      kind: ~
    - ty: ~
      oneof: []
      listeners: []
      kind: ~
  forall_args: []
  ty:
    Arrow:
      arg_multi: Unrestricted
      arg:
        Var: 0
      ret:
        Record:
          1:
            Arrow:
              arg_multi: Linear
              arg:
                Var: 1
              ret:
                Var: 1
          2:
            Literal: String
          3:
            Var: 0

