---
source: crates/gardswag/src/tests.rs
expression: x
---
- - std
  - plus
  - minus
  - mult
  - eq
  - leq
  - not
  - spawn_thread
  - make_chan
  - send
  - recv
  - chan_send
  - chan_recv
  - None
  - Some
  - stdio
  - write
- stmts: []
  term:
    offset: 20
    inner:
      Call:
        prim:
          offset: 20
          inner:
            Call:
              prim:
                offset: 20
                inner:
                  Dot:
                    prim:
                      offset: 17
                      inner:
                        Identifier: 1
                      extra:
                        ty:
                          Record:
                            2:
                              Arrow:
                                arg_multi: Linear
                                arg:
                                  Literal: Int
                                ret:
                                  Arrow:
                                    arg_multi: Linear
                                    arg:
                                      Literal: Int
                                    ret:
                                      Literal: Int
                            3:
                              Arrow:
                                arg_multi: Linear
                                arg:
                                  Literal: Int
                                ret:
                                  Arrow:
                                    arg_multi: Linear
                                    arg:
                                      Literal: Int
                                    ret:
                                      Literal: Int
                            4:
                              Arrow:
                                arg_multi: Linear
                                arg:
                                  Literal: Int
                                ret:
                                  Arrow:
                                    arg_multi: Linear
                                    arg:
                                      Literal: Int
                                    ret:
                                      Literal: Int
                            5:
                              Arrow:
                                arg_multi: Linear
                                arg:
                                  Var: 5
                                ret:
                                  Arrow:
                                    arg_multi: Linear
                                    arg:
                                      Var: 6
                                    ret:
                                      Literal: Bool
                            6:
                              Arrow:
                                arg_multi: Linear
                                arg:
                                  Literal: Int
                                ret:
                                  Arrow:
                                    arg_multi: Linear
                                    arg:
                                      Literal: Int
                                    ret:
                                      Literal: Bool
                            7:
                              Arrow:
                                arg_multi: Linear
                                arg:
                                  Literal: Bool
                                ret:
                                  Literal: Bool
                            8:
                              Arrow:
                                arg_multi: Linear
                                arg:
                                  Arrow:
                                    arg_multi: Unrestricted
                                    arg:
                                      Literal: Unit
                                    ret:
                                      Literal: Unit
                                ret:
                                  Literal: Unit
                            9:
                              Arrow:
                                arg_multi: Erased
                                arg:
                                  Literal: Unit
                                ret:
                                  Record:
                                    10:
                                      ChanSend:
                                        Var: 7
                                    11:
                                      ChanRecv:
                                        Var: 7
                            12:
                              Arrow:
                                arg_multi: Linear
                                arg:
                                  Var: 8
                                ret:
                                  Arrow:
                                    arg_multi: Linear
                                    arg:
                                      ChanSend:
                                        Var: 8
                                    ret:
                                      Literal: Bool
                            13:
                              Arrow:
                                arg_multi: Linear
                                arg:
                                  ChanRecv:
                                    Var: 9
                                ret:
                                  TaggedUnion:
                                    14:
                                      Literal: Unit
                                    15:
                                      Var: 9
                            16:
                              Record:
                                17:
                                  Arrow:
                                    arg_multi: Linear
                                    arg:
                                      Literal: String
                                    ret:
                                      Literal: Unit
                        ident_multi: 0
                    key:
                      offset: 21
                      inner: 2
                      extra: ~
                extra:
                  ty:
                    Arrow:
                      arg_multi: Linear
                      arg:
                        Literal: Int
                      ret:
                        Arrow:
                          arg_multi: Linear
                          arg:
                            Literal: Int
                          ret:
                            Literal: Int
                  ident_multi: 0
              arg:
                offset: 26
                inner:
                  Integer: 1
                extra:
                  ty:
                    Literal: Int
                  ident_multi: 0
          extra:
            ty:
              Arrow:
                arg_multi: Linear
                arg:
                  Literal: Int
                ret:
                  Literal: Int
            ident_multi: 0
        arg:
          offset: 28
          inner:
            Integer: 1
          extra:
            ty:
              Literal: Int
            ident_multi: 0
    extra:
      ty:
        Literal: Int
      ident_multi: 0
- forall: []
  forall_args: []
  ty:
    Literal: Int

