---
source: crates/gardswag/src/tests.rs
expression: x
---
- - a
  - b
  - c
  - std
  - plus
  - minus
  - mult
  - eq
  - leq
  - not
  - spawn_thread
  - make_chan
  - send
  - recv
  - chan_send
  - chan_recv
  - None
  - Some
  - stdio
  - write
- stmts: []
  term:
    offset: 120
    inner:
      Update:
        orig:
          offset: 17
          inner:
            Record:
              1:
                offset: 42
                inner:
                  FormatString:
                    - offset: 43
                      inner:
                        PureString: what
                      extra:
                        ty:
                          Literal: String
                        ident_multi: 0
                extra:
                  ty:
                    Literal: String
                  ident_multi: 0
              2:
                offset: 72
                inner:
                  Integer: 1
                extra:
                  ty:
                    Literal: Int
                  ident_multi: 0
              3:
                offset: 97
                inner:
                  Record: {}
                extra:
                  ty:
                    Record: {}
                  ident_multi: 0
          extra:
            ty:
              Record:
                1:
                  Literal: String
                2:
                  Literal: Int
                3:
                  Record: {}
            ident_multi: 0
        ovrd:
          offset: 123
          inner:
            Record:
              2:
                offset: 148
                inner:
                  FormatString:
                    - offset: 149
                      inner:
                        PureString: "no"
                      extra:
                        ty:
                          Literal: String
                        ident_multi: 0
                extra:
                  ty:
                    Literal: String
                  ident_multi: 0
              3:
                offset: 176
                inner:
                  Integer: 50
                extra:
                  ty:
                    Literal: Int
                  ident_multi: 0
          extra:
            ty:
              Record:
                2:
                  Literal: String
                3:
                  Literal: Int
            ident_multi: 0
    extra:
      ty:
        Record:
          1:
            Literal: String
          2:
            Literal: String
          3:
            Literal: Int
      ident_multi: 0
- forall: []
  forall_args: []
  ty:
    Record:
      1:
        Literal: String
      2:
        Literal: String
      3:
        Literal: Int

