---
source: crates/gardswag/src/tests.rs
expression: x
---
- stmts: []
  term:
    offset: 0
    inner:
      Match:
        inp:
          offset: 6
          inner:
            Call:
              prim:
                offset: 6
                inner:
                  Tagger:
                    key: this_is_a_variant
                extra:
                  ty:
                    Arrow1:
                      - Literal: Int
                      - TaggedUnion:
                          this_is_a_variant:
                            Literal: Int
                  ident_multi: 0
              arg:
                offset: 25
                inner:
                  Integer: 1
                extra:
                  ty:
                    Literal: Int
                  ident_multi: 0
          extra:
            ty:
              TaggedUnion:
                this_is_a_variant:
                  Literal: Int
            ident_multi: 0
        cases:
          - pat:
              Tagged:
                key:
                  offset: 30
                  inner: this_is_a_variant
                  extra: ~
                value:
                  Identifier:
                    offset: 48
                    inner: x
                    extra:
                      ty:
                        Literal: Int
                      ident_multi: 1
            body:
              offset: 56
              inner:
                Call:
                  prim:
                    offset: 56
                    inner:
                      Call:
                        prim:
                          offset: 56
                          inner:
                            Dot:
                              prim:
                                offset: 53
                                inner:
                                  Identifier: std
                                extra:
                                  ty:
                                    Record:
                                      chan_recv:
                                        Arrow1:
                                          - ChanRecv:
                                              Var: 13
                                          - TaggedUnion:
                                              None:
                                                Literal: Unit
                                              Some:
                                                Var: 13
                                      chan_send:
                                        Arrow1:
                                          - Var: 12
                                          - Arrow1:
                                              - ChanSend:
                                                  Var: 12
                                              - Literal: Bool
                                      eq:
                                        Arrow1:
                                          - Var: 9
                                          - Arrow1:
                                              - Var: 10
                                              - Literal: Bool
                                      leq:
                                        Arrow1:
                                          - Literal: Int
                                          - Arrow1:
                                              - Literal: Int
                                              - Literal: Bool
                                      make_chan:
                                        Arrow0:
                                          - Literal: Unit
                                          - Record:
                                              recv:
                                                ChanRecv:
                                                  Var: 11
                                              send:
                                                ChanSend:
                                                  Var: 11
                                      minus:
                                        Arrow1:
                                          - Literal: Int
                                          - Arrow1:
                                              - Literal: Int
                                              - Literal: Int
                                      mult:
                                        Arrow1:
                                          - Literal: Int
                                          - Arrow1:
                                              - Literal: Int
                                              - Literal: Int
                                      not:
                                        Arrow1:
                                          - Literal: Bool
                                          - Literal: Bool
                                      plus:
                                        Arrow1:
                                          - Literal: Int
                                          - Arrow1:
                                              - Literal: Int
                                              - Literal: Int
                                      spawn_thread:
                                        Arrow1:
                                          - ArrowU:
                                              - Literal: Unit
                                              - Literal: Unit
                                          - Literal: Unit
                                      stdio:
                                        Record:
                                          write:
                                            Arrow1:
                                              - Literal: String
                                              - Literal: Unit
                                  ident_multi: 0
                              key:
                                offset: 57
                                inner: plus
                                extra: ~
                          extra:
                            ty:
                              Arrow1:
                                - Literal: Int
                                - Arrow1:
                                    - Literal: Int
                                    - Literal: Int
                            ident_multi: 0
                        arg:
                          offset: 62
                          inner:
                            Identifier: x
                          extra:
                            ty:
                              Literal: Int
                            ident_multi: 0
                    extra:
                      ty:
                        Arrow1:
                          - Literal: Int
                          - Literal: Int
                      ident_multi: 0
                  arg:
                    offset: 64
                    inner:
                      Integer: 1
                    extra:
                      ty:
                        Literal: Int
                      ident_multi: 0
              extra:
                ty:
                  Literal: Int
                ident_multi: 0
    extra:
      ty:
        Literal: Int
      ident_multi: 0
- forall: []
  forall_args: []
  ty:
    Literal: Int

