---
source: crates/gardswag/src/tests.rs
expression: x
---
- stmts: []
  term:
    offset: 17
    inner:
      Let:
        lhs:
          offset: 25
          inner: fib
          extra: ~
        rhs:
          offset: 31
          inner:
            Fix:
              arg: fib
              body:
                offset: 31
                inner:
                  Lambda:
                    arg: x
                    body:
                      offset: 34
                      inner:
                        Lambda:
                          arg: y
                          body:
                            offset: 37
                            inner:
                              Lambda:
                                arg: n
                                body:
                                  offset: 40
                                  inner:
                                    Block:
                                      stmts: []
                                      term:
                                        offset: 108
                                        inner:
                                          Let:
                                            lhs:
                                              offset: 112
                                              inner: z
                                              extra: ~
                                            rhs:
                                              offset: 119
                                              inner:
                                                Call:
                                                  prim:
                                                    offset: 119
                                                    inner:
                                                      Call:
                                                        prim:
                                                          offset: 119
                                                          inner:
                                                            Dot:
                                                              prim:
                                                                offset: 116
                                                                inner:
                                                                  Identifier: std
                                                                extra:
                                                                  ty:
                                                                    Record:
                                                                      chan_recv:
                                                                        Arrow:
                                                                          - ChanRecv:
                                                                              Var: 13
                                                                          - TaggedUnion:
                                                                              None:
                                                                                Literal: Unit
                                                                              Some:
                                                                                Var: 13
                                                                      chan_send:
                                                                        Arrow:
                                                                          - Var: 12
                                                                          - Arrow:
                                                                              - ChanSend:
                                                                                  Var: 12
                                                                              - Literal: Bool
                                                                      eq:
                                                                        Arrow:
                                                                          - Var: 9
                                                                          - Arrow:
                                                                              - Var: 10
                                                                              - Literal: Bool
                                                                      leq:
                                                                        Arrow:
                                                                          - Literal: Int
                                                                          - Arrow:
                                                                              - Literal: Int
                                                                              - Literal: Bool
                                                                      make_chan:
                                                                        Arrow:
                                                                          - Literal: Unit
                                                                          - Record:
                                                                              recv:
                                                                                ChanRecv:
                                                                                  Var: 11
                                                                              send:
                                                                                ChanSend:
                                                                                  Var: 11
                                                                      minus:
                                                                        Arrow:
                                                                          - Literal: Int
                                                                          - Arrow:
                                                                              - Literal: Int
                                                                              - Literal: Int
                                                                      mult:
                                                                        Arrow:
                                                                          - Literal: Int
                                                                          - Arrow:
                                                                              - Literal: Int
                                                                              - Literal: Int
                                                                      not:
                                                                        Arrow:
                                                                          - Literal: Bool
                                                                          - Literal: Bool
                                                                      plus:
                                                                        Arrow:
                                                                          - Literal: Int
                                                                          - Arrow:
                                                                              - Literal: Int
                                                                              - Literal: Int
                                                                      spawn_thread:
                                                                        Arrow:
                                                                          - Arrow:
                                                                              - Literal: Unit
                                                                              - Literal: Unit
                                                                          - Literal: Unit
                                                                      stdio:
                                                                        Record:
                                                                          write:
                                                                            Arrow:
                                                                              - Literal: String
                                                                              - Literal: Unit
                                                                  ident_multi: 0
                                                              key:
                                                                offset: 120
                                                                inner: plus
                                                                extra: ~
                                                          extra:
                                                            ty:
                                                              Var: 15
                                                            ident_multi: 0
                                                        arg:
                                                          offset: 125
                                                          inner:
                                                            Identifier: x
                                                          extra:
                                                            ty:
                                                              Var: 6
                                                            ident_multi: 0
                                                    extra:
                                                      ty:
                                                        Var: 16
                                                      ident_multi: 0
                                                  arg:
                                                    offset: 127
                                                    inner:
                                                      Identifier: y
                                                    extra:
                                                      ty:
                                                        Var: 7
                                                      ident_multi: 0
                                              extra:
                                                ty:
                                                  Var: 17
                                                ident_multi: 0
                                            rest:
                                              stmts: []
                                              term:
                                                offset: 148
                                                inner:
                                                  If:
                                                    cond:
                                                      offset: 155
                                                      inner:
                                                        Call:
                                                          prim:
                                                            offset: 155
                                                            inner:
                                                              Call:
                                                                prim:
                                                                  offset: 155
                                                                  inner:
                                                                    Dot:
                                                                      prim:
                                                                        offset: 152
                                                                        inner:
                                                                          Identifier: std
                                                                        extra:
                                                                          ty:
                                                                            Record:
                                                                              chan_recv:
                                                                                Arrow:
                                                                                  - ChanRecv:
                                                                                      Var: 22
                                                                                  - TaggedUnion:
                                                                                      None:
                                                                                        Literal: Unit
                                                                                      Some:
                                                                                        Var: 22
                                                                              chan_send:
                                                                                Arrow:
                                                                                  - Var: 21
                                                                                  - Arrow:
                                                                                      - ChanSend:
                                                                                          Var: 21
                                                                                      - Literal: Bool
                                                                              eq:
                                                                                Arrow:
                                                                                  - Var: 18
                                                                                  - Arrow:
                                                                                      - Var: 19
                                                                                      - Literal: Bool
                                                                              leq:
                                                                                Arrow:
                                                                                  - Literal: Int
                                                                                  - Arrow:
                                                                                      - Literal: Int
                                                                                      - Literal: Bool
                                                                              make_chan:
                                                                                Arrow:
                                                                                  - Literal: Unit
                                                                                  - Record:
                                                                                      recv:
                                                                                        ChanRecv:
                                                                                          Var: 20
                                                                                      send:
                                                                                        ChanSend:
                                                                                          Var: 20
                                                                              minus:
                                                                                Arrow:
                                                                                  - Literal: Int
                                                                                  - Arrow:
                                                                                      - Literal: Int
                                                                                      - Literal: Int
                                                                              mult:
                                                                                Arrow:
                                                                                  - Literal: Int
                                                                                  - Arrow:
                                                                                      - Literal: Int
                                                                                      - Literal: Int
                                                                              not:
                                                                                Arrow:
                                                                                  - Literal: Bool
                                                                                  - Literal: Bool
                                                                              plus:
                                                                                Arrow:
                                                                                  - Literal: Int
                                                                                  - Arrow:
                                                                                      - Literal: Int
                                                                                      - Literal: Int
                                                                              spawn_thread:
                                                                                Arrow:
                                                                                  - Arrow:
                                                                                      - Literal: Unit
                                                                                      - Literal: Unit
                                                                                  - Literal: Unit
                                                                              stdio:
                                                                                Record:
                                                                                  write:
                                                                                    Arrow:
                                                                                      - Literal: String
                                                                                      - Literal: Unit
                                                                          ident_multi: 0
                                                                      key:
                                                                        offset: 156
                                                                        inner: leq
                                                                        extra: ~
                                                                  extra:
                                                                    ty:
                                                                      Var: 24
                                                                    ident_multi: 0
                                                                arg:
                                                                  offset: 160
                                                                  inner:
                                                                    Identifier: n
                                                                  extra:
                                                                    ty:
                                                                      Var: 8
                                                                    ident_multi: 0
                                                            extra:
                                                              ty:
                                                                Var: 25
                                                              ident_multi: 0
                                                          arg:
                                                            offset: 162
                                                            inner:
                                                              Integer: 0
                                                            extra:
                                                              ty:
                                                                Literal: Int
                                                              ident_multi: 0
                                                      extra:
                                                        ty:
                                                          Var: 26
                                                        ident_multi: 0
                                                    then:
                                                      stmts: []
                                                      term:
                                                        offset: 187
                                                        inner:
                                                          Identifier: z
                                                        extra:
                                                          ty:
                                                            Var: 35
                                                          ident_multi: 0
                                                    or_else:
                                                      stmts: []
                                                      term:
                                                        offset: 213
                                                        inner:
                                                          Call:
                                                            prim:
                                                              offset: 213
                                                              inner:
                                                                Call:
                                                                  prim:
                                                                    offset: 213
                                                                    inner:
                                                                      Call:
                                                                        prim:
                                                                          offset: 213
                                                                          inner:
                                                                            Identifier: fib
                                                                          extra:
                                                                            ty:
                                                                              Var: 5
                                                                            ident_multi: 0
                                                                        arg:
                                                                          offset: 217
                                                                          inner:
                                                                            Identifier: y
                                                                          extra:
                                                                            ty:
                                                                              Var: 7
                                                                            ident_multi: 0
                                                                    extra:
                                                                      ty:
                                                                        Var: 36
                                                                      ident_multi: 0
                                                                  arg:
                                                                    offset: 219
                                                                    inner:
                                                                      Identifier: z
                                                                    extra:
                                                                      ty:
                                                                        Var: 45
                                                                      ident_multi: 0
                                                              extra:
                                                                ty:
                                                                  Var: 46
                                                                ident_multi: 0
                                                            arg:
                                                              offset: 225
                                                              inner:
                                                                Call:
                                                                  prim:
                                                                    offset: 225
                                                                    inner:
                                                                      Call:
                                                                        prim:
                                                                          offset: 225
                                                                          inner:
                                                                            Dot:
                                                                              prim:
                                                                                offset: 222
                                                                                inner:
                                                                                  Identifier: std
                                                                                extra:
                                                                                  ty:
                                                                                    Record:
                                                                                      chan_recv:
                                                                                        Arrow:
                                                                                          - ChanRecv:
                                                                                              Var: 51
                                                                                          - TaggedUnion:
                                                                                              None:
                                                                                                Literal: Unit
                                                                                              Some:
                                                                                                Var: 51
                                                                                      chan_send:
                                                                                        Arrow:
                                                                                          - Var: 50
                                                                                          - Arrow:
                                                                                              - ChanSend:
                                                                                                  Var: 50
                                                                                              - Literal: Bool
                                                                                      eq:
                                                                                        Arrow:
                                                                                          - Var: 47
                                                                                          - Arrow:
                                                                                              - Var: 48
                                                                                              - Literal: Bool
                                                                                      leq:
                                                                                        Arrow:
                                                                                          - Literal: Int
                                                                                          - Arrow:
                                                                                              - Literal: Int
                                                                                              - Literal: Bool
                                                                                      make_chan:
                                                                                        Arrow:
                                                                                          - Literal: Unit
                                                                                          - Record:
                                                                                              recv:
                                                                                                ChanRecv:
                                                                                                  Var: 49
                                                                                              send:
                                                                                                ChanSend:
                                                                                                  Var: 49
                                                                                      minus:
                                                                                        Arrow:
                                                                                          - Literal: Int
                                                                                          - Arrow:
                                                                                              - Literal: Int
                                                                                              - Literal: Int
                                                                                      mult:
                                                                                        Arrow:
                                                                                          - Literal: Int
                                                                                          - Arrow:
                                                                                              - Literal: Int
                                                                                              - Literal: Int
                                                                                      not:
                                                                                        Arrow:
                                                                                          - Literal: Bool
                                                                                          - Literal: Bool
                                                                                      plus:
                                                                                        Arrow:
                                                                                          - Literal: Int
                                                                                          - Arrow:
                                                                                              - Literal: Int
                                                                                              - Literal: Int
                                                                                      spawn_thread:
                                                                                        Arrow:
                                                                                          - Arrow:
                                                                                              - Literal: Unit
                                                                                              - Literal: Unit
                                                                                          - Literal: Unit
                                                                                      stdio:
                                                                                        Record:
                                                                                          write:
                                                                                            Arrow:
                                                                                              - Literal: String
                                                                                              - Literal: Unit
                                                                                  ident_multi: 0
                                                                              key:
                                                                                offset: 226
                                                                                inner: minus
                                                                                extra: ~
                                                                          extra:
                                                                            ty:
                                                                              Var: 53
                                                                            ident_multi: 0
                                                                        arg:
                                                                          offset: 232
                                                                          inner:
                                                                            Identifier: n
                                                                          extra:
                                                                            ty:
                                                                              Var: 8
                                                                            ident_multi: 0
                                                                    extra:
                                                                      ty:
                                                                        Var: 54
                                                                      ident_multi: 0
                                                                  arg:
                                                                    offset: 234
                                                                    inner:
                                                                      Integer: 1
                                                                    extra:
                                                                      ty:
                                                                        Literal: Int
                                                                      ident_multi: 0
                                                              extra:
                                                                ty:
                                                                  Var: 55
                                                                ident_multi: 0
                                                        extra:
                                                          ty:
                                                            Var: 35
                                                          ident_multi: 0
                                                extra:
                                                  ty:
                                                    Var: 35
                                                  ident_multi: 0
                                        extra:
                                          ty:
                                            Var: 35
                                          ident_multi: 2
                                  extra:
                                    ty:
                                      Var: 35
                                    ident_multi: 0
                            extra:
                              ty:
                                Arrow:
                                  - Var: 8
                                  - Var: 35
                              ident_multi: 2
                      extra:
                        ty:
                          Arrow:
                            - Var: 7
                            - Arrow:
                                - Var: 8
                                - Var: 35
                        ident_multi: 2
                extra:
                  ty:
                    Arrow:
                      - Var: 6
                      - Arrow:
                          - Var: 7
                          - Arrow:
                              - Var: 8
                              - Var: 35
                  ident_multi: 1
          extra:
            ty:
              Var: 5
            ident_multi: 1
        rest:
          stmts: []
          term:
            offset: 274
            inner:
              Call:
                prim:
                  offset: 274
                  inner:
                    Call:
                      prim:
                        offset: 274
                        inner:
                          Call:
                            prim:
                              offset: 274
                              inner:
                                Identifier: fib
                              extra:
                                ty:
                                  Var: 56
                                ident_multi: 0
                            arg:
                              offset: 278
                              inner:
                                Integer: 1
                              extra:
                                ty:
                                  Literal: Int
                                ident_multi: 0
                        extra:
                          ty:
                            Var: 107
                          ident_multi: 0
                      arg:
                        offset: 280
                        inner:
                          Integer: 1
                        extra:
                          ty:
                            Literal: Int
                          ident_multi: 0
                  extra:
                    ty:
                      Var: 108
                    ident_multi: 0
                arg:
                  offset: 282
                  inner:
                    Integer: 5
                  extra:
                    ty:
                      Literal: Int
                    ident_multi: 0
            extra:
              ty:
                Var: 109
              ident_multi: 0
    extra:
      ty:
        Var: 109
      ident_multi: 1
- forall: []
  ty:
    Literal: Int

