---
source: crates/gardswag/src/tests.rs
expression: x
---
- stmts: []
  term:
    offset: 17
    inner:
      Let:
        lhs:
          offset: 25
          inner: f
          extra: ~
        rhs:
          offset: 29
          inner:
            Fix:
              arg: f
              body:
                offset: 29
                inner:
                  Lambda:
                    arg: a
                    body:
                      offset: 32
                      inner:
                        If:
                          cond:
                            offset: 39
                            inner:
                              Call:
                                prim:
                                  offset: 39
                                  inner:
                                    Call:
                                      prim:
                                        offset: 39
                                        inner:
                                          Dot:
                                            prim:
                                              offset: 36
                                              inner:
                                                Identifier: std
                                              extra:
                                                ty:
                                                  Record:
                                                    chan_recv:
                                                      Arrow:
                                                        - ChanRecv:
                                                            Var: 11
                                                        - TaggedUnion:
                                                            None:
                                                              Literal: Unit
                                                            Some:
                                                              Var: 11
                                                    chan_send:
                                                      Arrow:
                                                        - Var: 10
                                                        - Arrow:
                                                            - ChanSend:
                                                                Var: 10
                                                            - Literal: Bool
                                                    eq:
                                                      Arrow:
                                                        - Var: 7
                                                        - Arrow:
                                                            - Var: 8
                                                            - Literal: Bool
                                                    leq:
                                                      Arrow:
                                                        - Literal: Int
                                                        - Arrow:
                                                            - Literal: Int
                                                            - Literal: Bool
                                                    make_chan:
                                                      Arrow:
                                                        - Literal: Unit
                                                        - Record:
                                                            recv:
                                                              ChanRecv:
                                                                Var: 9
                                                            send:
                                                              ChanSend:
                                                                Var: 9
                                                    minus:
                                                      Arrow:
                                                        - Literal: Int
                                                        - Arrow:
                                                            - Literal: Int
                                                            - Literal: Int
                                                    mult:
                                                      Arrow:
                                                        - Literal: Int
                                                        - Arrow:
                                                            - Literal: Int
                                                            - Literal: Int
                                                    not:
                                                      Arrow:
                                                        - Literal: Bool
                                                        - Literal: Bool
                                                    plus:
                                                      Arrow:
                                                        - Literal: Int
                                                        - Arrow:
                                                            - Literal: Int
                                                            - Literal: Int
                                                    spawn_thread:
                                                      Arrow:
                                                        - Arrow:
                                                            - Literal: Unit
                                                            - Literal: Unit
                                                        - Literal: Unit
                                                    stdio:
                                                      Record:
                                                        write:
                                                          Arrow:
                                                            - Literal: String
                                                            - Literal: Unit
                                                ident_multi: 0
                                            key:
                                              offset: 40
                                              inner: eq
                                              extra: ~
                                        extra:
                                          ty:
                                            Var: 13
                                          ident_multi: 0
                                      arg:
                                        offset: 43
                                        inner:
                                          Identifier: a
                                        extra:
                                          ty:
                                            Var: 6
                                          ident_multi: 0
                                  extra:
                                    ty:
                                      Var: 14
                                    ident_multi: 0
                                arg:
                                  offset: 45
                                  inner:
                                    Integer: 0
                                  extra:
                                    ty:
                                      Literal: Int
                                    ident_multi: 0
                            extra:
                              ty:
                                Var: 15
                              ident_multi: 0
                          then:
                            stmts: []
                            term:
                              offset: 50
                              inner:
                                Integer: 0
                              extra:
                                ty:
                                  Literal: Int
                                ident_multi: 0
                          or_else:
                            stmts: []
                            term:
                              offset: 56
                              inner:
                                Call:
                                  prim:
                                    offset: 56
                                    inner:
                                      Identifier: f
                                    extra:
                                      ty:
                                        Var: 5
                                      ident_multi: 0
                                  arg:
                                    offset: 58
                                    inner:
                                      Integer: 0
                                    extra:
                                      ty:
                                        Literal: Int
                                      ident_multi: 0
                              extra:
                                ty:
                                  Var: 16
                                ident_multi: 0
                      extra:
                        ty:
                          Literal: Int
                        ident_multi: 0
                extra:
                  ty:
                    Arrow:
                      - Var: 6
                      - Literal: Int
                  ident_multi: 1
          extra:
            ty:
              Var: 5
            ident_multi: 1
        rest:
          stmts: []
          term:
            offset: 79
            inner:
              Call:
                prim:
                  offset: 79
                  inner:
                    Identifier: f
                  extra:
                    ty:
                      Var: 17
                    ident_multi: 0
                arg:
                  offset: 81
                  inner:
                    Integer: 1
                  extra:
                    ty:
                      Literal: Int
                    ident_multi: 0
            extra:
              ty:
                Var: 29
              ident_multi: 0
    extra:
      ty:
        Var: 29
      ident_multi: 1
- forall: []
  ty:
    Literal: Int

