---
source: crates/gardswag/src/tests.rs
expression: "main_check(r#\"\n                \\x\n                let id = \\y y;\n                .{\n                  id;\n                  x;\n                  y = \"{x}\";\n                }\n            \"#).unwrap()"
---
- stmts: []
  term:
    offset: 17
    inner:
      Lambda:
        arg: x
        body:
          offset: 36
          inner:
            Let:
              lhs:
                offset: 40
                inner: id
                extra: ~
              rhs:
                offset: 45
                inner:
                  Lambda:
                    arg: y
                    body:
                      offset: 48
                      inner:
                        Identifier: y
                      extra:
                        ty:
                          Var: 6
                        ident_multi: 0
                extra:
                  ty:
                    Arrow:
                      - Var: 6
                      - Var: 6
                  ident_multi: 1
              rest:
                stmts: []
                term:
                  offset: 67
                  inner:
                    Record:
                      id:
                        offset: 88
                        inner:
                          Identifier: id
                        extra:
                          ty:
                            Arrow:
                              - Var: 7
                              - Var: 7
                          ident_multi: 0
                      x:
                        offset: 110
                        inner:
                          Identifier: x
                        extra:
                          ty:
                            Var: 5
                          ident_multi: 0
                      y:
                        offset: 135
                        inner:
                          FormatString:
                            - offset: 136
                              inner:
                                Block:
                                  stmts: []
                                  term:
                                    offset: 137
                                    inner:
                                      Identifier: x
                                    extra:
                                      ty:
                                        Var: 5
                                      ident_multi: 0
                              extra:
                                ty:
                                  Var: 5
                                ident_multi: 0
                        extra:
                          ty:
                            Literal: String
                          ident_multi: 0
                  extra:
                    ty:
                      Record:
                        id:
                          Arrow:
                            - Var: 7
                            - Var: 7
                        x:
                          Var: 5
                        y:
                          Literal: String
                    ident_multi: 0
          extra:
            ty:
              Record:
                id:
                  Arrow:
                    - Var: 7
                    - Var: 7
                x:
                  Var: 5
                y:
                  Literal: String
            ident_multi: 1
    extra:
      ty:
        Arrow:
          - Var: 5
          - Record:
              id:
                Arrow:
                  - Var: 7
                  - Var: 7
              x:
                Var: 5
              y:
                Literal: String
      ident_multi: 2
- forall:
    - ty: ~
      oneof:
        - Literal: Unit
        - Literal: Bool
        - Literal: Int
        - Literal: String
      listeners: []
      kind: ~
    - ty: ~
      oneof: []
      listeners: []
      kind: ~
  ty:
    Arrow:
      - Var: 0
      - Record:
          id:
            Arrow:
              - Var: 1
              - Var: 1
          x:
            Var: 0
          y:
            Literal: String

