---
source: crates/gardswag/src/tests.rs
expression: result
---
Record(
    {
        Symbol(
            1,
        ): PureString(
            "what",
        ),
        Symbol(
            2,
        ): PureString(
            "no",
        ),
        Symbol(
            3,
        ): Integer(
            50,
        ),
    },
)
