---
source: crates/gardswag/src/tests.rs
expression: "main_check(r#\"std.stdio.write(\"Hello world!\\n\");\"#).unwrap()"
---
- stmts:
    - offset: 9
      inner:
        Call:
          prim:
            offset: 9
            inner:
              Dot:
                prim:
                  offset: 3
                  inner:
                    Dot:
                      prim:
                        offset: 0
                        inner:
                          Identifier: std
                        extra:
                          ty:
                            Record:
                              chan_recv:
                                Arrow1:
                                  - ChanRecv:
                                      Var: 9
                                  - TaggedUnion:
                                      None:
                                        Literal: Unit
                                      Some:
                                        Var: 9
                              chan_send:
                                Arrow1:
                                  - Var: 8
                                  - Arrow1:
                                      - ChanSend:
                                          Var: 8
                                      - Literal: Bool
                              eq:
                                Arrow1:
                                  - Var: 5
                                  - Arrow1:
                                      - Var: 6
                                      - Literal: Bool
                              leq:
                                Arrow1:
                                  - Literal: Int
                                  - Arrow1:
                                      - Literal: Int
                                      - Literal: Bool
                              make_chan:
                                Arrow0:
                                  - Literal: Unit
                                  - Record:
                                      recv:
                                        ChanRecv:
                                          Var: 7
                                      send:
                                        ChanSend:
                                          Var: 7
                              minus:
                                Arrow1:
                                  - Literal: Int
                                  - Arrow1:
                                      - Literal: Int
                                      - Literal: Int
                              mult:
                                Arrow1:
                                  - Literal: Int
                                  - Arrow1:
                                      - Literal: Int
                                      - Literal: Int
                              not:
                                Arrow1:
                                  - Literal: Bool
                                  - Literal: Bool
                              plus:
                                Arrow1:
                                  - Literal: Int
                                  - Arrow1:
                                      - Literal: Int
                                      - Literal: Int
                              spawn_thread:
                                Arrow1:
                                  - ArrowU:
                                      - Literal: Unit
                                      - Literal: Unit
                                  - Literal: Unit
                              stdio:
                                Record:
                                  write:
                                    Arrow1:
                                      - Literal: String
                                      - Literal: Unit
                          ident_multi: 0
                      key:
                        offset: 4
                        inner: stdio
                        extra: ~
                  extra:
                    ty:
                      Record:
                        write:
                          Arrow1:
                            - Literal: String
                            - Literal: Unit
                    ident_multi: 0
                key:
                  offset: 10
                  inner: write
                  extra: ~
            extra:
              ty:
                Arrow1:
                  - Literal: String
                  - Literal: Unit
              ident_multi: 0
          arg:
            offset: 16
            inner:
              FormatString:
                - offset: 17
                  inner:
                    PureString: "Hello world!\n"
                  extra:
                    ty:
                      Literal: String
                    ident_multi: 0
            extra:
              ty:
                Literal: String
              ident_multi: 0
      extra:
        ty:
          Literal: Unit
        ident_multi: 0
  term: ~
- forall: []
  forall_args: []
  ty:
    Literal: Unit

